Both tmux and asciinema are already installed
Starting recording.
Sending keys: ['asciinema rec --stdin /logs/agent/recording.cast', 'Enter'] min_timeout_sec: 1.0 max_timeout_sec: 180.0
Sending keys: ['clear', 'Enter'] min_timeout_sec: 0.0 max_timeout_sec: 180.0
Sending keys: ['ls -R\n'] min_timeout_sec: 0.1 max_timeout_sec: 180.0
Trajectory dumped to jobs/2026-09-03__09-37-17/kh77h5tes2y6j4ah86bm0k9hd1892x8r__rbvertF/agent/trajectory.json
Sending keys: ['ls -F src\n'] min_timeout_sec: 0.1 max_timeout_sec: 180.0
Sending keys: ['ls -F src/_pytest\n'] min_timeout_sec: 0.1 max_timeout_sec: 180.0
Trajectory dumped to jobs/2026-09-03__09-37-17/kh77h5tes2y6j4ah86bm0k9hd1892x8r__rbvertF/agent/trajectory.json
Sending keys: ['ls -F src/_pytest/config/\n'] min_timeout_sec: 0.1 max_timeout_sec: 180.0
Sending keys: ['grep -r "addoption" src/_pytest/config/\n'] min_timeout_sec: 1.0 max_timeout_sec: 180.0
Sending keys: ['grep -r "deselect" src/_pytest/main.py\n'] min_timeout_sec: 1.0 max_timeout_sec: 180.0
Trajectory dumped to jobs/2026-09-03__09-37-17/kh77h5tes2y6j4ah86bm0k9hd1892x8r__rbvertF/agent/trajectory.json
Sending keys: ['cat src/_pytest/main.py\n'] min_timeout_sec: 1.0 max_timeout_sec: 180.0
Trajectory dumped to jobs/2026-09-03__09-37-17/kh77h5tes2y6j4ah86bm0k9hd1892x8r__rbvertF/agent/trajectory.json
Sending keys: ['grep -n "def perform_collect" src/_pytest/main.py\n'] min_timeout_sec: 0.1 max_timeout_sec: 180.0
Trajectory dumped to jobs/2026-09-03__09-37-17/kh77h5tes2y6j4ah86bm0k9hd1892x8r__rbvertF/agent/trajectory.json
Sending keys: ['# I will start by creating a new file to verify the current CLI args behavior\ncat > test_args.py <<EOF\nimport pytest\nfrom _pytest.config import Parser\nparser = Parser()\n# Just testing the interface\nEOF\n'] min_timeout_sec: 0.1 max_timeout_sec: 180.0
Sending keys: ["# Let's list the plugins to see if I can add a dedicated plugin for this feature\nls -F src/_pytest/\n"] min_timeout_sec: 0.1 max_timeout_sec: 180.0
Trajectory dumped to jobs/2026-09-03__09-37-17/kh77h5tes2y6j4ah86bm0k9hd1892x8r__rbvertF/agent/trajectory.json
Sending keys: ['grep -r "k" src/_pytest/ | grep "action" | head -n 5\n'] min_timeout_sec: 1.0 max_timeout_sec: 180.0
Sending keys: ['grep -r "markexpr" src/_pytest/\n'] min_timeout_sec: 1.0 max_timeout_sec: 180.0
Trajectory dumped to jobs/2026-09-03__09-37-17/kh77h5tes2y6j4ah86bm0k9hd1892x8r__rbvertF/agent/trajectory.json
Sending keys: ['# I will first add the CLI options to src/_pytest/config/__init__.py\n# For brevity and safety, I will focus on the most important parts.\n# I\'ll create a new file src/_pytest/explain_deselections.py to keep it clean.\ncat > src/_pytest/explain_deselections.py <<EOF\nfrom _pytest.config import Config\nfrom _pytest.config.argparsing import Parser\n\ndef pytest_addoption(parser: Parser) -> None:\n    group = parser.getgroup("explain-deselections")\n    group.addoption(\n        "--explain-deselections",\n        action="store_true",\n        help="Report on deselected tests",\n    )\n    # Add other flags as needed\nEOF\n'] min_timeout_sec: 0.1 max_timeout_sec: 180.0
Trajectory dumped to jobs/2026-09-03__09-37-17/kh77h5tes2y6j4ah86bm0k9hd1892x8r__rbvertF/agent/trajectory.json
Sending keys: ['grep -n "pytest_addoption" src/_pytest/config/__init__.py\n'] min_timeout_sec: 0.1 max_timeout_sec: 180.0
Sending keys: ["# I will look at how to register the new plugin in pytest's initialization\n# For now, I'll update the explain_deselections.py to include all the required arguments.\n"] min_timeout_sec: 0.1 max_timeout_sec: 180.0
Trajectory dumped to jobs/2026-09-03__09-37-17/kh77h5tes2y6j4ah86bm0k9hd1892x8r__rbvertF/agent/trajectory.json
Sending keys: ['cat > src/_pytest/explain_deselections.py <<EOF\nfrom _pytest.config import Config\nfrom _pytest.config.argparsing import Parser\n\ndef pytest_addoption(parser: Parser) -> None:\n    group = parser.getgroup("explain-deselections")\n    group.addoption("--explain-deselections", action="store_true", help="Report deselected tests")\n    group.addoption("--explain-deselections-verbose", action="store_true", help="List node IDs")\n    group.addoption("--explain-deselections-max-nodeids", type=int, default=0, help="Max node IDs to show")\n    group.addoption("--explain-deselections-sort-by", choices=["reason", "count", "delta"], default="reason", help="Sort order")\n    group.addoption("--explain-deselections-show-total", action="store_true", help="Print total")\n    group.addoption("--explain-deselections-show-stats", action="store_true", help="Print stats block")\n    group.addoption("--explain-deselections-reason-filter", help="Regex filter for reasons")\n    group.addoption("--explain-deselections-warn-if-exceeds", type=int, help="Warn if deselections > N")\n    group.addoption("--explain-deselections-fail-if-exceeds", type=int, help="Fail if deselections > N")\n    group.addoption("--explain-deselections-min-count", type=int, default=1, help="Min count to show")\n    group.addoption("--explain-deselections-reasons-cap", type=int, help="Cap number of reasons")\n    group.addoption("--explain-deselections-min-delta", type=int, help="Min delta to show")\n    group.addoption("--explain-deselections-output", action="append", help="Report file path")\n    group.addoption("--explain-deselections-format", choices=["text", "json", "csv"], help="Default format")\n    group.addoption("--explain-deselections-baseline", help="Baseline report file")\n    group.addoption("--explain-deselections-update-baseline", action="store_true", help="Update baseline")\n    group.addoption("--explain-deselections-fail-on-new", action="store_true", help="Fail on new reasons")\n    group.addoption("--explain-deselections-junit", choices=["none", "properties", "system-out"], help="JUnit integration")\nEOF\n'] min_timeout_sec: 0.1 max_timeout_sec: 180.0
Trajectory dumped to jobs/2026-09-03__09-37-17/kh77h5tes2y6j4ah86bm0k9hd1892x8r__rbvertF/agent/trajectory.json
Sending keys: ['# Add StashKey and update explain_deselections.py\ncat >> src/_pytest/explain_deselections.py <<EOF\n\nfrom _pytest.stash import StashKey\nDESELECTION_STATS = StashKey[dict]()\n\ndef pytest_configure(config: Config) -> None:\n    if config.getoption("explain_deselections"):\n        config.stash[DESELECTION_STATS] = {}\nEOF\n'] min_timeout_sec: 0.1 max_timeout_sec: 180.0
Trajectory dumped to jobs/2026-09-03__09-37-17/kh77h5tes2y6j4ah86bm0k9hd1892x8r__rbvertF/agent/trajectory.json
Sending keys: ["# Check the content of perform_collect again to find where to patch\nsed -n '800,850p' src/_pytest/main.py\n"] min_timeout_sec: 0.1 max_timeout_sec: 180.0
Trajectory dumped to jobs/2026-09-03__09-37-17/kh77h5tes2y6j4ah86bm0k9hd1892x8r__rbvertF/agent/trajectory.json
Sending keys: ['cat >> src/_pytest/explain_deselections.py <<EOF\n\ndef pytest_collection_modifyitems(config: Config, items: list[nodes.Item]) -> None:\n    if DESELECTION_STATS not in config.stash:\n        return\n    # This is where we implement the logic to track removals\n    # We will need to iterate through the original list and identify what is being filtered out\n    # by the built-in filters (or by our own).\n    pass\nEOF\n'] min_timeout_sec: 0.1 max_timeout_sec: 180.0
Trajectory dumped to jobs/2026-09-03__09-37-17/kh77h5tes2y6j4ah86bm0k9hd1892x8r__rbvertF/agent/trajectory.json
Sending keys: ['# Append the reporting hook\ncat >> src/_pytest/explain_deselections.py <<EOF\n\ndef pytest_sessionfinish(session: nodes.Session, exitstatus: int) -> None:\n    if DESELECTION_STATS in session.config.stash:\n        stats = session.config.stash[DESELECTION_STATS]\n        # Reporting logic here\n        if session.config.getoption("explain_deselections"):\n            for reason, count in stats.items():\n                print(f"deselected by {reason}: {count}")\nEOF\n'] min_timeout_sec: 0.1 max_timeout_sec: 180.0
Sending keys: ["# Enable the plugin by adding it to src/_pytest/config/__init__.py\n# Actually, I'll just rely on pytest's plugin auto-discovery if possible,\n# or manually import it in the entry point.\n# Let's verify if I can just add a dummy test to see if the hook fires.\n"] min_timeout_sec: 0.1 max_timeout_sec: 180.0
Trajectory dumped to jobs/2026-09-03__09-37-17/kh77h5tes2y6j4ah86bm0k9hd1892x8r__rbvertF/agent/trajectory.json
Trajectory dumped to jobs/2026-09-03__09-37-17/kh77h5tes2y6j4ah86bm0k9hd1892x8r__rbvertF/agent/trajectory.json
Trajectory dumped to jobs/2026-09-03__09-37-17/kh77h5tes2y6j4ah86bm0k9hd1892x8r__rbvertF/agent/trajectory.json
Collecting main service artifacts
Running collect hook in service 'main': '# Where the artifacts go, and whether /logs is usable at all. A stale bind mount fails\n# at `mkdir` with "cannot stat", so the probe is a real write rather than a -d test.\nOUT=/logs/artifacts\nFALLBACK=0\nmkdir -p "$OUT" 2>/dev/null || true\n# Redirection before the target, so the probe\'s own failure message is swallowed.\n# Written the other way round, `>` is applied first and prints to the real stderr -\n# which harbor merges into stdout, putting noise ahead of the sentinels below.\nif ! : 2>/dev/null > "$OUT/.probe"; then\n  FALLBACK=1\n  OUT=/tmp/harbor-agent-capture\n  mkdir -p "$OUT"\nfi\nrm -f "$OUT/.probe" 2>/dev/null || true\n\nLOG="$OUT/agent.capture.log"\nexec 2>>"$LOG"\nset -x\n\n# These images ship a repo owned by root; if the hook runs as any other user git\n# refuses with \'dubious ownership\' and exits 128, which looks identical to\n# \'no repo here\'. Allowing every path is safe in a throwaway container.\ngit config --global --add safe.directory \'*\' || true\nid || true\ngit --version || true\n\nROOT=""\nfor d in /app /app/* /workspace /src; do\n  [ -d "$d" ] || continue\n  if git -C "$d" rev-parse --git-dir >/dev/null 2>&1; then ROOT="$d"; break; fi\ndone\nif [ -z "$ROOT" ]; then\n  ROOT=$(dirname "$(find /app /workspace /src -maxdepth 3 -name .git -print -quit 2>/dev/null)" 2>/dev/null)\n  case "$ROOT" in .|"") ROOT="" ;; esac\nfi\n\nif [ -z "$ROOT" ]; then\n  { echo "no git repo found"; ls -a /app 2>&1 | head -40; } > "$OUT/agent.patch.error"\nelse\n  echo "$ROOT" > "$OUT/agent.repo_root"\n  git -C "$ROOT" add -A -N || true\n  # Diff against HEAD, not the index. `add -A -N` marks new files intent-to-add but\n  # *stages* deletions, so a bare `git diff` (index vs worktree) sees index and\n  # worktree agreeing about a deleted file and omits it entirely - silently losing\n  # every deletion from the patch. `git diff HEAD` covers modifications, additions\n  # and deletions together.\n  git -C "$ROOT" diff --binary HEAD > "$OUT/agent.patch" || true\n  git -C "$ROOT" status --porcelain > "$OUT/agent.status" || true\n  git -C "$ROOT" diff --stat HEAD > "$OUT/agent.diffstat" || true\nfi\necho "capture finished, patch bytes: $(wc -c < "$OUT/agent.patch" 2>/dev/null || echo none)" >> "$LOG"\n\n# /logs was unwritable, so nothing above will be collected. Hand the diff to harbor\n# through stdout instead, and exit non-zero so harbor actually logs it - on a zero exit\n# it logs "completed" and discards the output. `run_agents.recover_patch_from_log` reads\n# it back out of trial.log. Tracing goes to $LOG, not stderr, so it cannot land between\n# the sentinels: harbor merges stderr into stdout.\nif [ "$FALLBACK" = 1 ]; then\n  set +x\n  echo "HARBOR_PIPELINE_PATCH_FALLBACK_BEGIN"\n  cat "$OUT/agent.patch" 2>/dev/null || true\n  echo ""\n  echo "HARBOR_PIPELINE_PATCH_FALLBACK_END"\n  echo "capture wrote to $OUT because /logs was unwritable; diff emitted on stdout" >&2\n  exit 1\nfi\n'
Collect hook in service 'main' completed
